 1:12  up 4 days, 19:10, 4 users, load averages: 8.50 5.37 5.85 | B g7-r0 start
 1:14  up 4 days, 19:12, 4 users, load averages: 7.38 6.12 6.09 | B g7-r0 end rc=0
 1:14  up 4 days, 19:12, 4 users, load averages: 7.38 6.12 6.09 | N g7-r0 start
 1:16  up 4 days, 19:13, 4 users, load averages: 8.30 6.94 6.42 | N g7-r0 end rc=0
 1:16  up 4 days, 19:13, 4 users, load averages: 8.30 6.94 6.42 | B g7-r1 start
 1:17  up 4 days, 19:15, 4 users, load averages: 10.35 7.96 6.86 | B g7-r1 end rc=0
 1:17  up 4 days, 19:15, 4 users, load averages: 10.35 7.96 6.86 | N g7-r1 start
 1:19  up 4 days, 19:17, 4 users, load averages: 16.85 11.20 8.25 | N g7-r1 end rc=0
 1:19  up 4 days, 19:17, 4 users, load averages: 16.85 11.20 8.25 | B g7-r2 start
 1:21  up 4 days, 19:18, 4 users, load averages: 11.96 11.09 8.52 | B g7-r2 end rc=0
 1:21  up 4 days, 19:18, 4 users, load averages: 11.96 11.09 8.52 | N g7-r2 start
 1:22  up 4 days, 19:20, 4 users, load averages: 12.27 11.69 9.05 | N g7-r2 end rc=0
 1:22  up 4 days, 19:20, 4 users, load averages: 12.27 11.69 9.05 | B g7-r3 start
 1:24  up 4 days, 19:21, 4 users, load averages: 12.26 11.82 9.37 | B g7-r3 end rc=0
 1:24  up 4 days, 19:21, 4 users, load averages: 12.26 11.82 9.37 | N g7-r3 start
 1:26  up 4 days, 19:23, 4 users, load averages: 16.28 12.63 9.92 | N g7-r3 end rc=0
 1:26  up 4 days, 19:23, 4 users, load averages: 16.28 12.63 9.92 | N g7prog-r0 start
 1:27  up 4 days, 19:25, 4 users, load averages: 13.05 12.87 10.34 | N g7prog-r0 end rc=0
 1:27  up 4 days, 19:25, 4 users, load averages: 13.05 12.87 10.34 | N g7prog-r1 start
 1:29  up 4 days, 19:27, 4 users, load averages: 16.20 13.98 11.04 | N g7prog-r1 end rc=0
 1:29  up 4 days, 19:27, 4 users, load averages: 16.20 13.98 11.04 | N g7prog-r2 start
 1:31  up 4 days, 19:28, 4 users, load averages: 12.22 13.56 11.24 | N g7prog-r2 end rc=0
 1:31  up 4 days, 19:28, 4 users, load averages: 12.22 13.56 11.24 | N g7prog-r3 start
 1:32  up 4 days, 19:30, 4 users, load averages: 11.44 13.01 11.30 | N g7prog-r3 end rc=0
 1:32  up 4 days, 19:30, 4 users, load averages: 11.44 13.01 11.30 | B scale start
 1:52  up 4 days, 19:50, 4 users, load averages: 9.33 10.52 10.93 | B scale end
 1:52  up 4 days, 19:50, 4 users, load averages: 9.33 10.52 10.93 | N scale start
 2:12  up 4 days, 20:10, 4 users, load averages: 11.93 11.10 10.54 | N scale end
 2:12  up 4 days, 20:10, 4 users, load averages: 11.93 11.10 10.54 | N step0-rec-r0 start
 2:14  up 4 days, 20:12, 4 users, load averages: 7.16 10.12 10.25 | N step0-rec-r0 end rc=0
 2:14  up 4 days, 20:12, 4 users, load averages: 7.16 10.12 10.25 | N step0-items-r0 start
 2:14  up 4 days, 20:12, 4 users, load averages: 6.66 9.82 10.14 | N step0-items-r0 end rc=0
 2:14  up 4 days, 20:12, 4 users, load averages: 6.66 9.82 10.14 | 7zz r0 start
 2:14  up 4 days, 20:12, 4 users, load averages: 6.66 9.82 10.14 | 7zz r0 end
 2:14  up 4 days, 20:12, 4 users, load averages: 6.66 9.82 10.14 | N step0-rec-r1 start
 2:16  up 4 days, 20:13, 4 users, load averages: 4.41 8.35 9.54 | N step0-rec-r1 end rc=0
 2:16  up 4 days, 20:13, 4 users, load averages: 4.41 8.35 9.54 | N step0-items-r1 start
 2:16  up 4 days, 20:14, 4 users, load averages: 4.99 8.21 9.46 | N step0-items-r1 end rc=0
 2:16  up 4 days, 20:14, 4 users, load averages: 4.99 8.21 9.46 | 7zz r1 start
 2:16  up 4 days, 20:14, 4 users, load averages: 5.23 8.21 9.45 | 7zz r1 end
 2:16  up 4 days, 20:14, 4 users, load averages: 5.23 8.21 9.45 | N step0-rec-r2 start
 2:18  up 4 days, 20:15, 4 users, load averages: 5.52 7.83 9.21 | N step0-rec-r2 end rc=0
 2:18  up 4 days, 20:15, 4 users, load averages: 5.52 7.83 9.21 | N step0-items-r2 start
 2:18  up 4 days, 20:16, 4 users, load averages: 5.30 7.63 9.10 | N step0-items-r2 end rc=0
 2:18  up 4 days, 20:16, 4 users, load averages: 5.30 7.63 9.10 | 7zz r2 start
 2:18  up 4 days, 20:16, 4 users, load averages: 5.30 7.63 9.10 | 7zz r2 end
 2:18  up 4 days, 20:16, 4 users, load averages: 5.30 7.63 9.10 | N step0-rec-r3 start
 2:19  up 4 days, 20:17, 4 users, load averages: 4.45 6.88 8.68 | N step0-rec-r3 end rc=0
 2:19  up 4 days, 20:17, 4 users, load averages: 4.45 6.88 8.68 | N step0-items-r3 start
 2:20  up 4 days, 20:17, 4 users, load averages: 4.67 6.77 8.60 | N step0-items-r3 end rc=0
 2:20  up 4 days, 20:17, 4 users, load averages: 4.67 6.77 8.60 | 7zz r3 start
 2:20  up 4 days, 20:17, 4 users, load averages: 4.67 6.77 8.60 | 7zz r3 end
 2:20  up 4 days, 20:17, 4 users, load averages: 4.45 6.69 8.56 | openscale n1 r0
 2:20  up 4 days, 20:17, 4 users, load averages: 4.42 6.65 8.53 | openscale n1 r1
 2:20  up 4 days, 20:17, 4 users, load averages: 4.42 6.65 8.53 | openscale n1 r2
 2:20  up 4 days, 20:17, 4 users, load averages: 4.42 6.65 8.53 | openscale n1 r3
 2:20  up 4 days, 20:17, 4 users, load averages: 4.42 6.65 8.53 | openscale n2 r0
 2:20  up 4 days, 20:17, 4 users, load averages: 4.42 6.65 8.53 | openscale n2 r1
 2:20  up 4 days, 20:17, 4 users, load averages: 4.42 6.65 8.53 | openscale n2 r2
 2:20  up 4 days, 20:18, 4 users, load averages: 4.42 6.65 8.53 | openscale n2 r3
 2:20  up 4 days, 20:18, 4 users, load averages: 4.42 6.65 8.53 | openscale n4 r0
 2:20  up 4 days, 20:18, 4 users, load averages: 4.54 6.63 8.52 | openscale n4 r1
 2:20  up 4 days, 20:18, 4 users, load averages: 4.54 6.63 8.52 | openscale n4 r2
 2:20  up 4 days, 20:18, 4 users, load averages: 4.54 6.63 8.52 | openscale n4 r3
 2:20  up 4 days, 20:18, 4 users, load averages: 4.54 6.63 8.52 | openscale n8 r0
 2:20  up 4 days, 20:18, 4 users, load averages: 4.54 6.63 8.52 | openscale n8 r1
 2:20  up 4 days, 20:18, 4 users, load averages: 4.54 6.63 8.52 | openscale n8 r2
 2:20  up 4 days, 20:18, 4 users, load averages: 4.54 6.63 8.52 | openscale n8 r3
