5.52 8.09 13.19 | W 7z text 1
9.76 8.84 13.33 | P 7z text 1
10.23 9.01 13.29 | P 7z text 2
24.42 12.20 14.33 | W 7z text 2
32.57 15.06 15.31 | W 7z text 3
27.52 15.06 15.31 | P 7z text 3
27.75 15.86 15.58 | P 7z text 4
24.77 16.00 15.64 | W 7z text 4
20.71 15.64 15.52 | W txz text 1
32.43 18.64 16.60 | P txz text 1
26.78 18.26 16.51 | P txz text 2
37.50 21.15 17.58 | W txz text 2
39.07 22.71 18.23 | W txz text 3
33.38 22.53 18.27 | P txz text 3
27.28 21.85 18.13 | P txz text 4
23.83 21.43 18.07 | W txz text 4
27.79 22.37 18.47 | W tar headers 1
29.57 22.83 18.66 | P tar headers 1
29.57 22.83 18.66 | P tar headers 2
29.57 22.83 18.66 | W tar headers 2
29.57 22.83 18.66 | W tar headers 3
30.81 23.20 18.81 | P tar headers 3
30.81 23.20 18.81 | P tar headers 4
30.81 23.20 18.81 | W tar headers 4
30.81 23.20 18.81 | W tgz headers 1
30.81 23.20 18.81 | P tgz headers 1
31.54 23.48 18.94 | P tgz headers 2
31.54 23.48 18.94 | W tgz headers 2
31.54 23.48 18.94 | W tgz headers 3
31.54 23.48 18.94 | P tgz headers 3
31.54 23.48 18.94 | P tgz headers 4
31.54 23.48 18.94 | W tgz headers 4
29.74 23.23 18.88 | W tgz small 1
27.76 22.93 18.80 | P tgz small 1
26.89 22.83 18.79 | P tgz small 2
25.06 22.52 18.70 | W tgz small 2
25.06 22.52 18.70 | W tgz small 3
23.45 22.23 18.62 | P tgz small 3
23.45 22.23 18.62 | P tgz small 4
27.10 23.01 18.91 | W tgz small 4
29.90 23.65 19.17 | W tbz small 1
34.23 24.65 19.55 | P tbz small 1
34.23 24.65 19.55 | P tbz small 2
33.49 24.66 19.58 | W tbz small 2
33.77 24.86 19.68 | W tbz small 3
32.35 24.72 19.66 | P tbz small 3
32.35 24.72 19.66 | P tbz small 4
30.16 24.39 19.57 | W tbz small 4
28.70 24.18 19.53 | W lha headers 1
28.70 24.18 19.53 | P lha headers 1
28.70 24.18 19.53 | P lha headers 2
28.70 24.18 19.53 | W lha headers 2
27.12 23.93 19.46 | W lha headers 3
27.12 23.93 19.46 | P lha headers 3
27.12 23.93 19.46 | P lha headers 4
27.12 23.93 19.46 | W lha headers 4
25.19 23.58 19.37 | W zip small 1
25.19 23.58 19.37 | P zip small 1
23.41 23.24 19.27 | P zip small 2
21.94 22.94 19.19 | W zip small 2
20.42 22.61 19.09 | W zip small 3
20.42 22.61 19.09 | P zip small 3
19.19 22.31 19.01 | P zip small 4
23.58 23.17 19.33 | W zip small 4
23.58 23.17 19.33 | W zip headers 1
22.09 22.87 19.25 | P zip headers 1
22.09 22.87 19.25 | P zip headers 2
22.09 22.87 19.25 | W zip headers 2
22.09 22.87 19.25 | W zip headers 3
20.56 22.54 19.15 | P zip headers 3
20.56 22.54 19.15 | P zip headers 4
20.56 22.54 19.15 | W zip headers 4
20.56 22.54 19.15 | 7z B z_k100 1
17.79 21.88 18.96 | 7z N z_k100 1
17.79 21.88 18.96 | 7z B g_k100 1
16.52 21.55 18.86 | 7z N g_k100 1
16.52 21.55 18.86 | 7z N z_k100 2
15.36 21.23 18.76 | 7z B z_k100 2
15.36 21.23 18.76 | 7z N g_k100 2
15.36 21.23 18.76 | 7z B g_k100 2
