4.31 6.51 8.45 | B zip small 1
4.31 6.51 8.45 | N zip small 1
4.13 6.44 8.41 | N zip small 2
4.20 6.42 8.39 | B zip small 2
4.20 6.42 8.39 | B zip small 3
4.10 6.36 8.36 | N zip small 3
4.01 6.30 8.33 | N zip small 4
4.01 6.30 8.33 | B zip small 4
3.93 6.25 8.30 | B zip headers 1
3.93 6.25 8.30 | N zip headers 1
3.85 6.19 8.27 | N zip headers 2
3.85 6.19 8.27 | B zip headers 2
3.85 6.19 8.27 | B zip headers 3
3.85 6.19 8.27 | N zip headers 3
3.85 6.19 8.27 | N zip headers 4
3.71 6.12 8.23 | B zip headers 4
3.71 6.12 8.23 | B tbz text 1
3.71 6.12 8.23 | N tbz text 1
4.29 6.20 8.25 | N tbz text 2
4.29 6.20 8.25 | B tbz text 2
4.29 6.20 8.25 | B tbz text 3
4.67 6.25 8.25 | N tbz text 3
4.67 6.25 8.25 | N tbz text 4
4.67 6.25 8.25 | B tbz text 4
5.09 6.31 8.26 | B tbz random 1
5.09 6.31 8.26 | N tbz random 1
5.57 6.39 8.28 | N tbz random 2
5.57 6.39 8.28 | B tbz random 2
5.84 6.43 8.28 | B tbz random 3
5.84 6.43 8.28 | N tbz random 3
6.25 6.51 8.30 | N tbz random 4
6.25 6.51 8.30 | B tbz random 4
6.63 6.58 8.31 | B lha text 1
6.63 6.58 8.31 | N lha text 1
6.63 6.58 8.31 | N lha text 2
6.63 6.58 8.31 | B lha text 2
6.34 6.52 8.28 | B lha text 3
6.34 6.52 8.28 | N lha text 3
6.34 6.52 8.28 | N lha text 4
6.34 6.52 8.28 | B lha text 4
6.34 6.52 8.28 | B lha random 1
6.15 6.48 8.25 | N lha random 1
6.15 6.48 8.25 | N lha random 2
6.15 6.48 8.25 | B lha random 2
6.14 6.47 8.24 | B lha random 3
6.14 6.47 8.24 | N lha random 3
6.14 6.47 8.24 | N lha random 4
6.14 6.47 8.24 | B lha random 4
6.05 6.45 8.22 | B tar small 1
6.05 6.45 8.22 | N tar small 1
5.73 6.37 8.19 | N tar small 2
5.51 6.32 8.15 | B tar small 2
5.51 6.32 8.15 | B tar small 3
5.23 6.25 8.12 | N tar small 3
5.23 6.25 8.12 | N tar small 4
4.97 6.17 8.08 | B tar small 4
4.73 6.11 8.05 | B tgz small 1
4.73 6.11 8.05 | N tgz small 1
4.83 6.10 8.03 | N tgz small 2
4.83 6.10 8.03 | B tgz small 2
4.76 6.07 8.01 | B tgz small 3
4.76 6.07 8.01 | N tgz small 3
4.70 6.03 7.99 | N tgz small 4
4.49 5.97 7.95 | B tgz small 4
4.49 5.97 7.95 | B tgz headers 1
4.49 5.97 7.95 | N tgz headers 1
4.49 5.97 7.95 | N tgz headers 2
4.49 5.97 7.95 | B tgz headers 2
4.37 5.92 7.92 | B tgz headers 3
4.37 5.92 7.92 | N tgz headers 3
4.37 5.92 7.92 | N tgz headers 4
4.37 5.92 7.92 | B tgz headers 4
4.37 5.92 7.92 | B scale 1
3.71 5.55 7.69 | N scale 1
3.26 5.23 7.49 | N scale 2
3.29 5.01 7.32 | B scale 2
3.59 4.86 7.16 | B scale 3
3.69 4.75 7.02 | N scale 3
3.60 4.60 6.87 | N scale 4
3.22 4.39 6.71 | B scale 4
