B small r0 1257.364
N small r0 1447.326
B payload r0 1596.526
N payload r0 1812.252
B mixed r0 3396.843
N mixed r0 3614.569
B headers r0 143.548
N headers r0 150.882
B text r0 2029.509
N text r0 2015.064
B random r0 159.405
N random r0 158.291
B small r1 1248.387
N small r1 1422.419
B payload r1 1598.773
N payload r1 1835.117
B mixed r1 3444.761
N mixed r1 3620.397
B headers r1 144.203
N headers r1 151.198
B text r1 2033.603
N text r1 2051.033
B random r1 156.718
N random r1 155.450
B small r2 1254.710
N small r2 1432.143
B payload r2 1600.118
N payload r2 1811.739
B mixed r2 3422.974
N mixed r2 3623.921
B headers r2 141.720
N headers r2 149.897
B text r2 2016.271
N text r2 1995.072
B random r2 153.048
N random r2 158.507
B small r3 1230.438
N small r3 1402.688
B payload r3 1587.061
N payload r3 1802.009
B mixed r3 3442.513
N mixed r3 3643.168
B headers r3 142.814
N headers r3 149.645
B text r3 2047.315
N text r3 2003.881
B random r3 157.611
N random r3 158.240
